Archive member included to satisfy reference by file (symbol)

/Applications/microchip/xc8/v2.41/avr/bin/../lib/gcc/avr/5.4.0/../../../../avr/lib/avrxmega3/short-calls/libc.a(exit.o)
                              /Applications/microchip/mplabx/v6.00/packs/Microchip/ATtiny_DFP/2.7.128/xc8/avr/lib/avrxmega3/short-calls/crtattiny816.o (exit)
/Applications/microchip/xc8/v2.41/avr/bin/../lib/gcc/avr/5.4.0/../../../../avr/lib/avrxmega3/short-calls/libc.a(_Exit.o)
                              /Applications/microchip/xc8/v2.41/avr/bin/../lib/gcc/avr/5.4.0/../../../../avr/lib/avrxmega3/short-calls/libc.a(exit.o) (_Exit)
/Applications/microchip/xc8/v2.41/avr/bin/../lib/gcc/avr/5.4.0/avrxmega3/short-calls/libgcc.a(_exit.o)
                              /Applications/microchip/xc8/v2.41/avr/bin/../lib/gcc/avr/5.4.0/../../../../avr/lib/avrxmega3/short-calls/libc.a(_Exit.o) (_exit)
/Applications/microchip/xc8/v2.41/avr/bin/../lib/gcc/avr/5.4.0/avrxmega3/short-calls/libgcc.a(_copy_data.o)
                              /var/folders/p2/f7x_t3c14tjdp9hj4ymvjd5c0000gn/T//ccDwpiiF.ltrans0.ltrans.o (__do_copy_data)

Discarded input sections

 .data          0x0000000000000000        0x0 /Applications/microchip/mplabx/v6.00/packs/Microchip/ATtiny_DFP/2.7.128/xc8/avr/lib/avrxmega3/short-calls/crtattiny816.o
 .bss           0x0000000000000000        0x0 /Applications/microchip/mplabx/v6.00/packs/Microchip/ATtiny_DFP/2.7.128/xc8/avr/lib/avrxmega3/short-calls/crtattiny816.o
 .text          0x0000000000000000        0x0 /var/folders/p2/f7x_t3c14tjdp9hj4ymvjd5c0000gn/T//ccDwpiiF.ltrans0.ltrans.o
 .data          0x0000000000000000        0x0 /var/folders/p2/f7x_t3c14tjdp9hj4ymvjd5c0000gn/T//ccDwpiiF.ltrans0.ltrans.o
 .bss           0x0000000000000000        0x0 /var/folders/p2/f7x_t3c14tjdp9hj4ymvjd5c0000gn/T//ccDwpiiF.ltrans0.ltrans.o
 .text.TCA0_DefaultCMP2IsrCallback
                0x0000000000000000        0x2 /var/folders/p2/f7x_t3c14tjdp9hj4ymvjd5c0000gn/T//ccDwpiiF.ltrans0.ltrans.o
 .text.TCA0_DefaultCMP1IsrCallback
                0x0000000000000000        0x2 /var/folders/p2/f7x_t3c14tjdp9hj4ymvjd5c0000gn/T//ccDwpiiF.ltrans0.ltrans.o
 .text.TCA0_DefaultCMP0IsrCallback
                0x0000000000000000        0x2 /var/folders/p2/f7x_t3c14tjdp9hj4ymvjd5c0000gn/T//ccDwpiiF.ltrans0.ltrans.o
 .text          0x0000000000000000        0x0 /var/folders/p2/f7x_t3c14tjdp9hj4ymvjd5c0000gn/T//ccDwpiiF.ltrans1.ltrans.o
 .data          0x0000000000000000        0x0 /var/folders/p2/f7x_t3c14tjdp9hj4ymvjd5c0000gn/T//ccDwpiiF.ltrans1.ltrans.o
 .bss           0x0000000000000000        0x0 /var/folders/p2/f7x_t3c14tjdp9hj4ymvjd5c0000gn/T//ccDwpiiF.ltrans1.ltrans.o
 .text          0x0000000000000000        0x0 .ca/build/Config_DActiveCA/production/mcc_generated_files/src/protected_io.o
 .data          0x0000000000000000        0x0 .ca/build/Config_DActiveCA/production/mcc_generated_files/src/protected_io.o
 .bss           0x0000000000000000        0x0 .ca/build/Config_DActiveCA/production/mcc_generated_files/src/protected_io.o
 .text          0x0000000000000000        0x0 /Applications/microchip/xc8/v2.41/avr/bin/../lib/gcc/avr/5.4.0/../../../../avr/lib/avrxmega3/short-calls/libc.a(exit.o)
 .data          0x0000000000000000        0x0 /Applications/microchip/xc8/v2.41/avr/bin/../lib/gcc/avr/5.4.0/../../../../avr/lib/avrxmega3/short-calls/libc.a(exit.o)
 .bss           0x0000000000000000        0x0 /Applications/microchip/xc8/v2.41/avr/bin/../lib/gcc/avr/5.4.0/../../../../avr/lib/avrxmega3/short-calls/libc.a(exit.o)
 .stack.descriptors
                0x0000000000000000       0x73 /Applications/microchip/xc8/v2.41/avr/bin/../lib/gcc/avr/5.4.0/../../../../avr/lib/avrxmega3/short-calls/libc.a(exit.o)
 .text          0x0000000000000000        0x0 /Applications/microchip/xc8/v2.41/avr/bin/../lib/gcc/avr/5.4.0/../../../../avr/lib/avrxmega3/short-calls/libc.a(_Exit.o)
 .data          0x0000000000000000        0x0 /Applications/microchip/xc8/v2.41/avr/bin/../lib/gcc/avr/5.4.0/../../../../avr/lib/avrxmega3/short-calls/libc.a(_Exit.o)
 .bss           0x0000000000000000        0x0 /Applications/microchip/xc8/v2.41/avr/bin/../lib/gcc/avr/5.4.0/../../../../avr/lib/avrxmega3/short-calls/libc.a(_Exit.o)
 .stack.descriptors
                0x0000000000000000       0x13 /Applications/microchip/xc8/v2.41/avr/bin/../lib/gcc/avr/5.4.0/../../../../avr/lib/avrxmega3/short-calls/libc.a(_Exit.o)
 .text          0x0000000000000000        0x0 /Applications/microchip/xc8/v2.41/avr/bin/../lib/gcc/avr/5.4.0/avrxmega3/short-calls/libgcc.a(_exit.o)
 .data          0x0000000000000000        0x0 /Applications/microchip/xc8/v2.41/avr/bin/../lib/gcc/avr/5.4.0/avrxmega3/short-calls/libgcc.a(_exit.o)
 .bss           0x0000000000000000        0x0 /Applications/microchip/xc8/v2.41/avr/bin/../lib/gcc/avr/5.4.0/avrxmega3/short-calls/libgcc.a(_exit.o)
 .text.libgcc.mul
                0x0000000000000000        0x0 /Applications/microchip/xc8/v2.41/avr/bin/../lib/gcc/avr/5.4.0/avrxmega3/short-calls/libgcc.a(_exit.o)
 .text.libgcc.div
                0x0000000000000000        0x0 /Applications/microchip/xc8/v2.41/avr/bin/../lib/gcc/avr/5.4.0/avrxmega3/short-calls/libgcc.a(_exit.o)
 .text.libgcc   0x0000000000000000        0x0 /Applications/microchip/xc8/v2.41/avr/bin/../lib/gcc/avr/5.4.0/avrxmega3/short-calls/libgcc.a(_exit.o)
 .text.libgcc.prologue
                0x0000000000000000        0x0 /Applications/microchip/xc8/v2.41/avr/bin/../lib/gcc/avr/5.4.0/avrxmega3/short-calls/libgcc.a(_exit.o)
 .stack.descriptors
                0x0000000000000000       0x13 /Applications/microchip/xc8/v2.41/avr/bin/../lib/gcc/avr/5.4.0/avrxmega3/short-calls/libgcc.a(_exit.o)
 .text.libgcc.builtins
                0x0000000000000000        0x0 /Applications/microchip/xc8/v2.41/avr/bin/../lib/gcc/avr/5.4.0/avrxmega3/short-calls/libgcc.a(_exit.o)
 .text.libgcc.fmul
                0x0000000000000000        0x0 /Applications/microchip/xc8/v2.41/avr/bin/../lib/gcc/avr/5.4.0/avrxmega3/short-calls/libgcc.a(_exit.o)
 .text.libgcc.fixed
                0x0000000000000000        0x0 /Applications/microchip/xc8/v2.41/avr/bin/../lib/gcc/avr/5.4.0/avrxmega3/short-calls/libgcc.a(_exit.o)
 .text          0x0000000000000000        0x0 /Applications/microchip/xc8/v2.41/avr/bin/../lib/gcc/avr/5.4.0/avrxmega3/short-calls/libgcc.a(_copy_data.o)
 .data          0x0000000000000000        0x0 /Applications/microchip/xc8/v2.41/avr/bin/../lib/gcc/avr/5.4.0/avrxmega3/short-calls/libgcc.a(_copy_data.o)
 .bss           0x0000000000000000        0x0 /Applications/microchip/xc8/v2.41/avr/bin/../lib/gcc/avr/5.4.0/avrxmega3/short-calls/libgcc.a(_copy_data.o)
 .text.libgcc.mul
                0x0000000000000000        0x0 /Applications/microchip/xc8/v2.41/avr/bin/../lib/gcc/avr/5.4.0/avrxmega3/short-calls/libgcc.a(_copy_data.o)
 .text.libgcc.div
                0x0000000000000000        0x0 /Applications/microchip/xc8/v2.41/avr/bin/../lib/gcc/avr/5.4.0/avrxmega3/short-calls/libgcc.a(_copy_data.o)
 .text.libgcc   0x0000000000000000        0x0 /Applications/microchip/xc8/v2.41/avr/bin/../lib/gcc/avr/5.4.0/avrxmega3/short-calls/libgcc.a(_copy_data.o)
 .text.libgcc.prologue
                0x0000000000000000        0x0 /Applications/microchip/xc8/v2.41/avr/bin/../lib/gcc/avr/5.4.0/avrxmega3/short-calls/libgcc.a(_copy_data.o)
 .text.libgcc.builtins
                0x0000000000000000        0x0 /Applications/microchip/xc8/v2.41/avr/bin/../lib/gcc/avr/5.4.0/avrxmega3/short-calls/libgcc.a(_copy_data.o)
 .text.libgcc.fmul
                0x0000000000000000        0x0 /Applications/microchip/xc8/v2.41/avr/bin/../lib/gcc/avr/5.4.0/avrxmega3/short-calls/libgcc.a(_copy_data.o)
 .text.libgcc.fixed
                0x0000000000000000        0x0 /Applications/microchip/xc8/v2.41/avr/bin/../lib/gcc/avr/5.4.0/avrxmega3/short-calls/libgcc.a(_copy_data.o)

Memory Configuration

Name             Origin             Length             Attributes
text             0x0000000000000000 0x0000000000002000 xr
data             0x0000000000803e00 0x0000000000000200 rw !x
eeprom           0x0000000000810000 0x0000000000000080 rw !x
fuse             0x0000000000820000 0x000000000000000a rw !x
lock             0x0000000000830000 0x0000000000000400 rw !x
signature        0x0000000000840000 0x0000000000000400 rw !x
user_signatures  0x0000000000850000 0x0000000000000400 rw !x
bootrow          0x0000000000860000 0x0000000000000400 rw !x
*default*        0x0000000000000000 0xffffffffffffffff

Linker script and memory map

Address of section .data set to 0x803e00
                0x0000000000008000                __RODATA_PM_OFFSET__ = 0x8000
LOAD /Applications/microchip/mplabx/v6.00/packs/Microchip/ATtiny_DFP/2.7.128/xc8/avr/lib/avrxmega3/short-calls/crtattiny816.o
                0x0000000000000001                __MPLAB_BUILD = 0x1
LOAD .ca/build/Config_DActiveCA/production/mcc_generated_files/src/tca0.o
LOAD /var/folders/p2/f7x_t3c14tjdp9hj4ymvjd5c0000gn/T//ccDwpiiF.ltrans0.ltrans.o
LOAD /var/folders/p2/f7x_t3c14tjdp9hj4ymvjd5c0000gn/T//ccDwpiiF.ltrans1.ltrans.o
LOAD .ca/build/Config_DActiveCA/production/mcc_generated_files/src/protected_io.o
LOAD .ca/build/Config_DActiveCA/production/mcc_generated_files/src/pin_manager.o
LOAD .ca/build/Config_DActiveCA/production/mcc_generated_files/src/spi0.o
LOAD .ca/build/Config_DActiveCA/production/mcc_generated_files/src/cpuint.o
LOAD .ca/build/Config_DActiveCA/production/mcc_generated_files/src/nvmctrl.o
LOAD .ca/build/Config_DActiveCA/production/mcc_generated_files/src/tcb0.o
LOAD .ca/build/Config_DActiveCA/production/mcc_generated_files/device_config.o
LOAD .ca/build/Config_DActiveCA/production/mcc_generated_files/mcc.o
LOAD .ca/build/Config_DActiveCA/production/main.o
LOAD .ca/build/Config_DActiveCA/production/key_handler.o
LOAD .ca/build/Config_DActiveCA/production/si241.o
LOAD .ca/build/Config_DActiveCA/production/serial.o
START GROUP
LOAD /Applications/microchip/xc8/v2.41/avr/bin/../lib/gcc/avr/5.4.0/../../../../avr/lib/avrxmega3/short-calls/libm.a
END GROUP
START GROUP
LOAD /Applications/microchip/xc8/v2.41/avr/bin/../lib/gcc/avr/5.4.0/avrxmega3/short-calls/libgcc.a
LOAD /Applications/microchip/xc8/v2.41/avr/bin/../lib/gcc/avr/5.4.0/../../../../avr/lib/avrxmega3/short-calls/libm.a
LOAD /Applications/microchip/xc8/v2.41/avr/bin/../lib/gcc/avr/5.4.0/../../../../avr/lib/avrxmega3/short-calls/libc.a
LOAD /Applications/microchip/mplabx/v6.00/packs/Microchip/ATtiny_DFP/2.7.128/xc8/avr/lib/avrxmega3/short-calls/libattiny816.a
END GROUP
                [0x0000000000000000]                __TEXT_REGION_ORIGIN__ = DEFINED (__TEXT_REGION_ORIGIN__)?__TEXT_REGION_ORIGIN__:0x0
                [0x0000000000803e00]                __DATA_REGION_ORIGIN__ = DEFINED (__DATA_REGION_ORIGIN__)?__DATA_REGION_ORIGIN__:0x802000
                [0x0000000000002000]                __TEXT_REGION_LENGTH__ = DEFINED (__TEXT_REGION_LENGTH__)?__TEXT_REGION_LENGTH__:0x100000
                [0x0000000000000200]                __DATA_REGION_LENGTH__ = DEFINED (__DATA_REGION_LENGTH__)?__DATA_REGION_LENGTH__:0xffa0
                [0x0000000000000080]                __EEPROM_REGION_LENGTH__ = DEFINED (__EEPROM_REGION_LENGTH__)?__EEPROM_REGION_LENGTH__:0x10000
                [0x000000000000000a]                __FUSE_REGION_LENGTH__ = DEFINED (__FUSE_REGION_LENGTH__)?__FUSE_REGION_LENGTH__:0x400
                0x0000000000000400                __LOCK_REGION_LENGTH__ = DEFINED (__LOCK_REGION_LENGTH__)?__LOCK_REGION_LENGTH__:0x400
                0x0000000000000400                __SIGNATURE_REGION_LENGTH__ = DEFINED (__SIGNATURE_REGION_LENGTH__)?__SIGNATURE_REGION_LENGTH__:0x400
                0x0000000000000400                __USER_SIGNATURE_REGION_LENGTH__ = DEFINED (__USER_SIGNATURE_REGION_LENGTH__)?__USER_SIGNATURE_REGION_LENGTH__:0x400
                0x0000000000008000                __RODATA_PM_OFFSET__ = DEFINED (__RODATA_PM_OFFSET__)?__RODATA_PM_OFFSET__:0x8000
                0x0000000000000400                __BOOTROW_REGION_LENGTH__ = DEFINED (__BOOTROW_REGION_LENGTH__)?__BOOTROW_REGION_LENGTH__:0x400

.hash
 *(.hash)

.dynsym
 *(.dynsym)

.dynstr
 *(.dynstr)

.gnu.version
 *(.gnu.version)

.gnu.version_d
 *(.gnu.version_d)

.gnu.version_r
 *(.gnu.version_r)

.rel.init
 *(.rel.init)

.rela.init
 *(.rela.init)

.rel.text
 *(.rel.text)
 *(.rel.text.*)
 *(.rel.gnu.linkonce.t*)

.rela.text
 *(.rela.text)
 *(.rela.text.*)
 *(.rela.gnu.linkonce.t*)

.rel.fini
 *(.rel.fini)

.rela.fini
 *(.rela.fini)

.rel.rodata
 *(.rel.rodata)
 *(.rel.rodata.*)
 *(.rel.gnu.linkonce.r*)

.rela.rodata
 *(.rela.rodata)
 *(.rela.rodata.*)
 *(.rela.gnu.linkonce.r*)

.rel.data
 *(.rel.data)
 *(.rel.data.*)
 *(.rel.gnu.linkonce.d*)

.rela.data
 *(.rela.data)
 *(.rela.data.*)
 *(.rela.gnu.linkonce.d*)

.rel.ctors
 *(.rel.ctors)

.rela.ctors
 *(.rela.ctors)

.rel.dtors
 *(.rel.dtors)

.rela.dtors
 *(.rela.dtors)

.rel.got
 *(.rel.got)

.rela.got
 *(.rela.got)

.rel.bss
 *(.rel.bss)

.rela.bss
 *(.rela.bss)

.rel.plt
 *(.rel.plt)

.rela.plt
 *(.rela.plt)

.text           0x0000000000000000       0x8a
 *(.vectors)
 .vectors       0x0000000000000000       0x34 /Applications/microchip/mplabx/v6.00/packs/Microchip/ATtiny_DFP/2.7.128/xc8/avr/lib/avrxmega3/short-calls/crtattiny816.o
                0x0000000000000000                __vectors
                0x0000000000000000                __vector_default
 *(.vectors)
 *(.progmem.gcc*)
 *(.dinit)
 .dinit         0x0000000000000034        0x5 data_init
                0x000000000000003a                . = ALIGN (0x2)
 *fill*         0x0000000000000039        0x1 
                0x000000000000003a                __trampolines_start = .
 *(.trampolines)
 .trampolines   0x000000000000003a        0x0 linker stubs
 *(.trampolines*)
                0x000000000000003a                __trampolines_end = .
 *libprintf_flt.a:*(.progmem.data)
 *libc.a:*(.progmem.data)
                0x000000000000003a                . = ALIGN (0x2)
 *(.jumptables)
 *(.jumptables*)
 *(.lowtext)
 *(.lowtext*)
                0x000000000000003a                __ctors_start = .
 *(.ctors)
                0x000000000000003a                __ctors_end = .
                0x000000000000003a                __dtors_start = .
 *(.dtors)
                0x000000000000003a                __dtors_end = .
 SORT(*)(.ctors)
 SORT(*)(.dtors)
 *(.init0)
 .init0         0x000000000000003a        0x0 /Applications/microchip/mplabx/v6.00/packs/Microchip/ATtiny_DFP/2.7.128/xc8/avr/lib/avrxmega3/short-calls/crtattiny816.o
                0x000000000000003a                __init
 *(.init0)
 *(.init1)
 *(.init1)
 *(.init2)
 .init2         0x000000000000003a        0xc /Applications/microchip/mplabx/v6.00/packs/Microchip/ATtiny_DFP/2.7.128/xc8/avr/lib/avrxmega3/short-calls/crtattiny816.o
 *(.init2)
 *(.init3)
 *(.init3)
 *(.init4)
 .init4         0x0000000000000046       0x3c /Applications/microchip/xc8/v2.41/avr/bin/../lib/gcc/avr/5.4.0/avrxmega3/short-calls/libgcc.a(_copy_data.o)
                0x0000000000000046                __do_copy_data
                0x0000000000000074                __do_clear_bss
 *(.init4)
 *(.init5)
 *(.init5)
 *(.init6)
 *(.init6)
 *(.init7)
 *(.init7)
 *(.init8)
 *(.init8)
 *(.init9)
 .init9         0x0000000000000082        0x4 /Applications/microchip/mplabx/v6.00/packs/Microchip/ATtiny_DFP/2.7.128/xc8/avr/lib/avrxmega3/short-calls/crtattiny816.o
 *(.init9)
                0x0000000000000086                . = ALIGN (0x2)
 *(.fini9)
 .fini9         0x0000000000000086        0x0 /Applications/microchip/xc8/v2.41/avr/bin/../lib/gcc/avr/5.4.0/avrxmega3/short-calls/libgcc.a(_exit.o)
                0x0000000000000086                _exit
 *(.fini9)
 *(.fini8)
 *(.fini8)
 *(.fini7)
 *(.fini7)
 *(.fini6)
 *(.fini6)
 *(.fini5)
 *(.fini5)
 *(.fini4)
 *(.fini4)
 *(.fini3)
 *(.fini3)
 *(.fini2)
 *(.fini2)
 *(.fini1)
 *(.fini1)
 *(.fini0)
 .fini0         0x0000000000000086        0x4 /Applications/microchip/xc8/v2.41/avr/bin/../lib/gcc/avr/5.4.0/avrxmega3/short-calls/libgcc.a(_exit.o)
 *(.fini0)
                0x000000000000008a                _etext = .

.data           0x0000000000803e00        0x0 load address 0x000000000000008a
                [!provide]                        PROVIDE (__data_start, .)
 *(.gnu.linkonce.d*)
                0x0000000000803e00                . = ALIGN (0x2)
                0x0000000000803e00                _edata = .
                [!provide]                        PROVIDE (__data_end, .)

.bss            0x0000000000803e00        0x0
                [!provide]                        PROVIDE (__bss_start, .)
 *(COMMON)
                [!provide]                        PROVIDE (__bss_end, .)
                0x000000000000008a                __data_load_start = LOADADDR (.data)
                0x000000000000008a                __data_load_end = (__data_load_start + SIZEOF (.data))

.noinit         0x0000000000803e00        0x0
                [!provide]                        PROVIDE (__noinit_start, .)
 *(.noinit*)
                [!provide]                        PROVIDE (__noinit_end, .)
                0x0000000000803e00                _end = .

.eeprom         0x0000000000810000        0x0
 *(.eeprom*)
                0x0000000000810000                __eeprom_end = .

.fuse           0x0000000000820000        0x9
 *(.fuse)
 .fuse          0x0000000000820000        0x9 /var/folders/p2/f7x_t3c14tjdp9hj4ymvjd5c0000gn/T//ccDwpiiF.ltrans0.ltrans.o
                0x0000000000820000                __fuse
 *(.lfuse)
 *(.hfuse)
 *(.efuse)

.lock
 *(.lock*)

.signature
 *(.signature*)

.user_signatures
 *(.user_signatures*)

.bootrow
 *(.bootrow*)

.stab
 *(.stab)

.stabstr
 *(.stabstr)

.stab.excl
 *(.stab.excl)

.stab.exclstr
 *(.stab.exclstr)

.stab.index
 *(.stab.index)

.stab.indexstr
 *(.stab.indexstr)

.comment        0x0000000000000000       0x5b
 *(.comment)
 .comment       0x0000000000000000       0x2f /var/folders/p2/f7x_t3c14tjdp9hj4ymvjd5c0000gn/T//ccDwpiiF.ltrans0.ltrans.o
                                         0x30 (size before relaxing)
 .comment       0x000000000000002f       0x30 /var/folders/p2/f7x_t3c14tjdp9hj4ymvjd5c0000gn/T//ccDwpiiF.ltrans1.ltrans.o
 .comment       0x000000000000002f       0x2c /Applications/microchip/xc8/v2.41/avr/bin/../lib/gcc/avr/5.4.0/../../../../avr/lib/avrxmega3/short-calls/libc.a(exit.o)
                                         0x2d (size before relaxing)
 .comment       0x000000000000005b       0x2d /Applications/microchip/xc8/v2.41/avr/bin/../lib/gcc/avr/5.4.0/../../../../avr/lib/avrxmega3/short-calls/libc.a(_Exit.o)

.stack.descriptors.hdr
                0x0000000000000000       0x2a
 .stack.descriptors.hdr
                0x0000000000000000        0xe /Applications/microchip/xc8/v2.41/avr/bin/../lib/gcc/avr/5.4.0/../../../../avr/lib/avrxmega3/short-calls/libc.a(exit.o)
 .stack.descriptors.hdr
                0x000000000000000e        0xe /Applications/microchip/xc8/v2.41/avr/bin/../lib/gcc/avr/5.4.0/../../../../avr/lib/avrxmega3/short-calls/libc.a(_Exit.o)
 .stack.descriptors.hdr
                0x000000000000001c        0xe /Applications/microchip/xc8/v2.41/avr/bin/../lib/gcc/avr/5.4.0/avrxmega3/short-calls/libgcc.a(_exit.o)

.note.GNU-stack
                0x0000000000000000        0x0
 .note.GNU-stack
                0x0000000000000000        0x0 /Applications/microchip/xc8/v2.41/avr/bin/../lib/gcc/avr/5.4.0/../../../../avr/lib/avrxmega3/short-calls/libc.a(exit.o)
 .note.GNU-stack
                0x0000000000000000        0x0 /Applications/microchip/xc8/v2.41/avr/bin/../lib/gcc/avr/5.4.0/../../../../avr/lib/avrxmega3/short-calls/libc.a(_Exit.o)

.note.gnu.build-id
 *(.note.gnu.build-id)

.debug
 *(.debug)

.line
 *(.line)

.debug_srcinfo
 *(.debug_srcinfo)

.debug_sfnames
 *(.debug_sfnames)

.debug_aranges  0x0000000000000000      0x2b8
 *(.debug_aranges)
 .debug_aranges
                0x0000000000000000      0x1d8 /var/folders/p2/f7x_t3c14tjdp9hj4ymvjd5c0000gn/T//ccDwpiiF.ltrans0.ltrans.o
 .debug_aranges
                0x00000000000001d8       0xc0 /var/folders/p2/f7x_t3c14tjdp9hj4ymvjd5c0000gn/T//ccDwpiiF.ltrans1.ltrans.o
 .debug_aranges
                0x0000000000000298       0x20 .ca/build/Config_DActiveCA/production/mcc_generated_files/src/protected_io.o

.debug_pubnames
 *(.debug_pubnames)

.debug_info     0x0000000000000000     0x45b4
 *(.debug_info .gnu.linkonce.wi.*)
 .debug_info    0x0000000000000000     0x16bc /Applications/microchip/mplabx/v6.00/packs/Microchip/ATtiny_DFP/2.7.128/xc8/avr/lib/avrxmega3/short-calls/crtattiny816.o
 .debug_info    0x00000000000016bc     0x1bd7 /var/folders/p2/f7x_t3c14tjdp9hj4ymvjd5c0000gn/T//ccDwpiiF.ltrans0.ltrans.o
 .debug_info    0x0000000000003293     0x1298 /var/folders/p2/f7x_t3c14tjdp9hj4ymvjd5c0000gn/T//ccDwpiiF.ltrans1.ltrans.o
 .debug_info    0x000000000000452b       0x89 .ca/build/Config_DActiveCA/production/mcc_generated_files/src/protected_io.o

.debug_abbrev   0x0000000000000000     0x1b46
 *(.debug_abbrev)
 .debug_abbrev  0x0000000000000000     0x1582 /Applications/microchip/mplabx/v6.00/packs/Microchip/ATtiny_DFP/2.7.128/xc8/avr/lib/avrxmega3/short-calls/crtattiny816.o
 .debug_abbrev  0x0000000000001582      0x3ab /var/folders/p2/f7x_t3c14tjdp9hj4ymvjd5c0000gn/T//ccDwpiiF.ltrans0.ltrans.o
 .debug_abbrev  0x000000000000192d      0x205 /var/folders/p2/f7x_t3c14tjdp9hj4ymvjd5c0000gn/T//ccDwpiiF.ltrans1.ltrans.o
 .debug_abbrev  0x0000000000001b32       0x14 .ca/build/Config_DActiveCA/production/mcc_generated_files/src/protected_io.o

.debug_line     0x0000000000000000     0x22dd
 *(.debug_line .debug_line.* .debug_line_end)
 .debug_line    0x0000000000000000      0x136 /Applications/microchip/mplabx/v6.00/packs/Microchip/ATtiny_DFP/2.7.128/xc8/avr/lib/avrxmega3/short-calls/crtattiny816.o
 .debug_line    0x0000000000000136     0x16a0 /var/folders/p2/f7x_t3c14tjdp9hj4ymvjd5c0000gn/T//ccDwpiiF.ltrans0.ltrans.o
 .debug_line    0x00000000000017d6      0xaa1 /var/folders/p2/f7x_t3c14tjdp9hj4ymvjd5c0000gn/T//ccDwpiiF.ltrans1.ltrans.o
 .debug_line    0x0000000000002277       0x66 .ca/build/Config_DActiveCA/production/mcc_generated_files/src/protected_io.o

.debug_frame    0x0000000000000000      0x724
 *(.debug_frame)
 .debug_frame   0x0000000000000000      0x5a0 /var/folders/p2/f7x_t3c14tjdp9hj4ymvjd5c0000gn/T//ccDwpiiF.ltrans0.ltrans.o
 .debug_frame   0x00000000000005a0      0x184 /var/folders/p2/f7x_t3c14tjdp9hj4ymvjd5c0000gn/T//ccDwpiiF.ltrans1.ltrans.o

.debug_str      0x0000000000000000      0x9d0
 *(.debug_str)
 .debug_str     0x0000000000000000      0x9a7 /Applications/microchip/mplabx/v6.00/packs/Microchip/ATtiny_DFP/2.7.128/xc8/avr/lib/avrxmega3/short-calls/crtattiny816.o
 .debug_str     0x00000000000009a7       0x29 /var/folders/p2/f7x_t3c14tjdp9hj4ymvjd5c0000gn/T//ccDwpiiF.ltrans0.ltrans.o
 .debug_str     0x00000000000009d0        0x0 /var/folders/p2/f7x_t3c14tjdp9hj4ymvjd5c0000gn/T//ccDwpiiF.ltrans1.ltrans.o

.debug_loc      0x0000000000000000      0x654
 *(.debug_loc)
 .debug_loc     0x0000000000000000      0x3ad /var/folders/p2/f7x_t3c14tjdp9hj4ymvjd5c0000gn/T//ccDwpiiF.ltrans0.ltrans.o
 .debug_loc     0x00000000000003ad      0x2a7 /var/folders/p2/f7x_t3c14tjdp9hj4ymvjd5c0000gn/T//ccDwpiiF.ltrans1.ltrans.o

.debug_macinfo
 *(.debug_macinfo)

.debug_weaknames
 *(.debug_weaknames)

.debug_funcnames
 *(.debug_funcnames)

.debug_typenames
 *(.debug_typenames)

.debug_varnames
 *(.debug_varnames)

.debug_pubtypes
 *(.debug_pubtypes)

.debug_ranges   0x0000000000000000      0x278
 *(.debug_ranges)
 .debug_ranges  0x0000000000000000      0x1c8 /var/folders/p2/f7x_t3c14tjdp9hj4ymvjd5c0000gn/T//ccDwpiiF.ltrans0.ltrans.o
 .debug_ranges  0x00000000000001c8       0xb0 /var/folders/p2/f7x_t3c14tjdp9hj4ymvjd5c0000gn/T//ccDwpiiF.ltrans1.ltrans.o

.debug_macro
 *(.debug_macro)
OUTPUT(.ca/dist/Config_DActiveCA/production/MicroFOB-816.X.production.elf elf32-avr)
LOAD linker stubs
LOAD data_init

.note.gnu.avr.deviceinfo
                0x0000000000000000       0x3c
 .note.gnu.avr.deviceinfo
                0x0000000000000000       0x3c /Applications/microchip/mplabx/v6.00/packs/Microchip/ATtiny_DFP/2.7.128/xc8/avr/lib/avrxmega3/short-calls/crtattiny816.o

.bss.PORTA_IO_PA4_IRQ_InterruptHandler
                0x0000000000803e92        0x2
 .bss.PORTA_IO_PA4_IRQ_InterruptHandler
                0x0000000000803e92        0x2 /var/folders/p2/f7x_t3c14tjdp9hj4ymvjd5c0000gn/T//ccDwpiiF.ltrans0.ltrans.o

.bss.PORTB_IO_PB0_S1_InterruptHandler
                0x0000000000803e94        0x2
 .bss.PORTB_IO_PB0_S1_InterruptHandler
                0x0000000000803e94        0x2 /var/folders/p2/f7x_t3c14tjdp9hj4ymvjd5c0000gn/T//ccDwpiiF.ltrans0.ltrans.o

.bss.PORTB_IO_PB1_S4_InterruptHandler
                0x0000000000803e96        0x2
 .bss.PORTB_IO_PB1_S4_InterruptHandler
                0x0000000000803e96        0x2 /var/folders/p2/f7x_t3c14tjdp9hj4ymvjd5c0000gn/T//ccDwpiiF.ltrans0.ltrans.o

.bss.PORTB_IO_PB4_S3_InterruptHandler
                0x0000000000803e98        0x2
 .bss.PORTB_IO_PB4_S3_InterruptHandler
                0x0000000000803e98        0x2 /var/folders/p2/f7x_t3c14tjdp9hj4ymvjd5c0000gn/T//ccDwpiiF.ltrans0.ltrans.o

.bss.PORTB_IO_PB5_S6_InterruptHandler
                0x0000000000803e9a        0x2
 .bss.PORTB_IO_PB5_S6_InterruptHandler
                0x0000000000803e9a        0x2 /var/folders/p2/f7x_t3c14tjdp9hj4ymvjd5c0000gn/T//ccDwpiiF.ltrans0.ltrans.o

.bss.PORTB_IO_PB2_S2_InterruptHandler
                0x0000000000803e9c        0x2
 .bss.PORTB_IO_PB2_S2_InterruptHandler
                0x0000000000803e9c        0x2 /var/folders/p2/f7x_t3c14tjdp9hj4ymvjd5c0000gn/T//ccDwpiiF.ltrans0.ltrans.o

.bss.PORTB_IO_PB3_S5_InterruptHandler
                0x0000000000803e9e        0x2
 .bss.PORTB_IO_PB3_S5_InterruptHandler
                0x0000000000803e9e        0x2 /var/folders/p2/f7x_t3c14tjdp9hj4ymvjd5c0000gn/T//ccDwpiiF.ltrans0.ltrans.o

.bss.PORTC_IO_PC3_TP1_InterruptHandler
                0x0000000000803ea0        0x2
 .bss.PORTC_IO_PC3_TP1_InterruptHandler
                0x0000000000803ea0        0x2 /var/folders/p2/f7x_t3c14tjdp9hj4ymvjd5c0000gn/T//ccDwpiiF.ltrans0.ltrans.o

.bss.spi0_desc  0x0000000000803e74        0x9
 .bss.spi0_desc
                0x0000000000803e74        0x9 /var/folders/p2/f7x_t3c14tjdp9hj4ymvjd5c0000gn/T//ccDwpiiF.ltrans0.ltrans.o

.bss.TCB0_CAPT_isr_cb
                0x0000000000803ea2        0x2
 .bss.TCB0_CAPT_isr_cb
                0x0000000000803ea2        0x2 /var/folders/p2/f7x_t3c14tjdp9hj4ymvjd5c0000gn/T//ccDwpiiF.ltrans0.ltrans.o

.bss.PORTA_img  0x0000000000803eac        0x1
 .bss.PORTA_img
                0x0000000000803eac        0x1 /var/folders/p2/f7x_t3c14tjdp9hj4ymvjd5c0000gn/T//ccDwpiiF.ltrans0.ltrans.o

.bss.IntStatus  0x0000000000803ead        0x1
 .bss.IntStatus
                0x0000000000803ead        0x1 /var/folders/p2/f7x_t3c14tjdp9hj4ymvjd5c0000gn/T//ccDwpiiF.ltrans0.ltrans.o

.bss.get_resp   0x0000000000803eae        0x1
 .bss.get_resp  0x0000000000803eae        0x1 /var/folders/p2/f7x_t3c14tjdp9hj4ymvjd5c0000gn/T//ccDwpiiF.ltrans0.ltrans.o

.bss.dim_cmd    0x0000000000803eaf        0x1
 .bss.dim_cmd   0x0000000000803eaf        0x1 /var/folders/p2/f7x_t3c14tjdp9hj4ymvjd5c0000gn/T//ccDwpiiF.ltrans0.ltrans.o

.bss.rear_cmd   0x0000000000803eb0        0x1
 .bss.rear_cmd  0x0000000000803eb0        0x1 /var/folders/p2/f7x_t3c14tjdp9hj4ymvjd5c0000gn/T//ccDwpiiF.ltrans0.ltrans.o

.bss.front_cmd  0x0000000000803eb1        0x1
 .bss.front_cmd
                0x0000000000803eb1        0x1 /var/folders/p2/f7x_t3c14tjdp9hj4ymvjd5c0000gn/T//ccDwpiiF.ltrans0.ltrans.o

.bss.testm_tx   0x0000000000803eb2        0x1
 .bss.testm_tx  0x0000000000803eb2        0x1 /var/folders/p2/f7x_t3c14tjdp9hj4ymvjd5c0000gn/T//ccDwpiiF.ltrans0.ltrans.o

.bss.KeyStatus  0x0000000000803ea4        0x2
 .bss.KeyStatus
                0x0000000000803ea4        0x2 /var/folders/p2/f7x_t3c14tjdp9hj4ymvjd5c0000gn/T//ccDwpiiF.ltrans0.ltrans.o

.bss.go_tx      0x0000000000803eb3        0x1
 .bss.go_tx     0x0000000000803eb3        0x1 /var/folders/p2/f7x_t3c14tjdp9hj4ymvjd5c0000gn/T//ccDwpiiF.ltrans0.ltrans.o

.bss.TimerD     0x0000000000803e8f        0x3
 .bss.TimerD    0x0000000000803e8f        0x3 /var/folders/p2/f7x_t3c14tjdp9hj4ymvjd5c0000gn/T//ccDwpiiF.ltrans0.ltrans.o

.bss.fcc_power  0x0000000000803eb4        0x1
 .bss.fcc_power
                0x0000000000803eb4        0x1 /var/folders/p2/f7x_t3c14tjdp9hj4ymvjd5c0000gn/T//ccDwpiiF.ltrans1.ltrans.o
                0x0000000000803eb4                fcc_power

.bss.active_channel
                0x0000000000803eb5        0x1
 .bss.active_channel
                0x0000000000803eb5        0x1 /var/folders/p2/f7x_t3c14tjdp9hj4ymvjd5c0000gn/T//ccDwpiiF.ltrans1.ltrans.o
                0x0000000000803eb5                active_channel

.bss.dev_ctl    0x0000000000803eb6        0x1
 .bss.dev_ctl   0x0000000000803eb6        0x1 /var/folders/p2/f7x_t3c14tjdp9hj4ymvjd5c0000gn/T//ccDwpiiF.ltrans1.ltrans.o
                0x0000000000803eb6                dev_ctl

.bss.function   0x0000000000803ea6        0x2
 .bss.function  0x0000000000803ea6        0x2 /var/folders/p2/f7x_t3c14tjdp9hj4ymvjd5c0000gn/T//ccDwpiiF.ltrans1.ltrans.o
                0x0000000000803ea6                function

.bss.tx_payload_size
                0x0000000000803eb7        0x1
 .bss.tx_payload_size
                0x0000000000803eb7        0x1 /var/folders/p2/f7x_t3c14tjdp9hj4ymvjd5c0000gn/T//ccDwpiiF.ltrans1.ltrans.o

.bss.TX_Payload
                0x0000000000803e00       0x10
 .bss.TX_Payload
                0x0000000000803e00       0x10 /var/folders/p2/f7x_t3c14tjdp9hj4ymvjd5c0000gn/T//ccDwpiiF.ltrans1.ltrans.o

.bss.Key        0x0000000000803e7d        0x6
 .bss.Key       0x0000000000803e7d        0x6 /var/folders/p2/f7x_t3c14tjdp9hj4ymvjd5c0000gn/T//ccDwpiiF.ltrans1.ltrans.o
                0x0000000000803e7d                Key

.bss.Si24_Status
                0x0000000000803eb8        0x1
 .bss.Si24_Status
                0x0000000000803eb8        0x1 /var/folders/p2/f7x_t3c14tjdp9hj4ymvjd5c0000gn/T//ccDwpiiF.ltrans1.ltrans.o
                0x0000000000803eb8                Si24_Status

.bss.SPI_Bin    0x0000000000803e10       0x10
 .bss.SPI_Bin   0x0000000000803e10       0x10 /var/folders/p2/f7x_t3c14tjdp9hj4ymvjd5c0000gn/T//ccDwpiiF.ltrans1.ltrans.o

.bss.RX_Payload
                0x0000000000803e20       0x10
 .bss.RX_Payload
                0x0000000000803e20       0x10 /var/folders/p2/f7x_t3c14tjdp9hj4ymvjd5c0000gn/T//ccDwpiiF.ltrans1.ltrans.o

.bss.SPI_Bout   0x0000000000803e30       0x10
 .bss.SPI_Bout  0x0000000000803e30       0x10 /var/folders/p2/f7x_t3c14tjdp9hj4ymvjd5c0000gn/T//ccDwpiiF.ltrans1.ltrans.o

.bss.testm      0x0000000000803eb9        0x1
 .bss.testm     0x0000000000803eb9        0x1 /var/folders/p2/f7x_t3c14tjdp9hj4ymvjd5c0000gn/T//ccDwpiiF.ltrans1.ltrans.o
                0x0000000000803eb9                testm

.bss.TX_Address
                0x0000000000803e83        0x6
 .bss.TX_Address
                0x0000000000803e83        0x6 /var/folders/p2/f7x_t3c14tjdp9hj4ymvjd5c0000gn/T//ccDwpiiF.ltrans1.ltrans.o

.bss.active_device
                0x0000000000803eba        0x1
 .bss.active_device
                0x0000000000803eba        0x1 /var/folders/p2/f7x_t3c14tjdp9hj4ymvjd5c0000gn/T//ccDwpiiF.ltrans1.ltrans.o
                0x0000000000803eba                active_device

.bss.RX_Address
                0x0000000000803e89        0x6
 .bss.RX_Address
                0x0000000000803e89        0x6 /var/folders/p2/f7x_t3c14tjdp9hj4ymvjd5c0000gn/T//ccDwpiiF.ltrans1.ltrans.o

.bss.Serial_Cmd
                0x0000000000803ebb        0x1
 .bss.Serial_Cmd
                0x0000000000803ebb        0x1 /var/folders/p2/f7x_t3c14tjdp9hj4ymvjd5c0000gn/T//ccDwpiiF.ltrans1.ltrans.o
                0x0000000000803ebb                Serial_Cmd

.bss.SBuf_infe  0x0000000000803ebc        0x1
 .bss.SBuf_infe
                0x0000000000803ebc        0x1 /var/folders/p2/f7x_t3c14tjdp9hj4ymvjd5c0000gn/T//ccDwpiiF.ltrans1.ltrans.o
                0x0000000000803ebc                SBuf_infe

.bss.hexc       0x0000000000803ea8        0x2
 .bss.hexc      0x0000000000803ea8        0x2 /var/folders/p2/f7x_t3c14tjdp9hj4ymvjd5c0000gn/T//ccDwpiiF.ltrans1.ltrans.o

.bss.Device_ID  0x0000000000803e60        0xa
 .bss.Device_ID
                0x0000000000803e60        0xa /var/folders/p2/f7x_t3c14tjdp9hj4ymvjd5c0000gn/T//ccDwpiiF.ltrans1.ltrans.o
                0x0000000000803e60                Device_ID

.bss.si24_on_timer
                0x0000000000803eaa        0x2
 .bss.si24_on_timer
                0x0000000000803eaa        0x2 /var/folders/p2/f7x_t3c14tjdp9hj4ymvjd5c0000gn/T//ccDwpiiF.ltrans1.ltrans.o
                0x0000000000803eaa                si24_on_timer

.bss.tx_pipe    0x0000000000803ebd        0x1
 .bss.tx_pipe   0x0000000000803ebd        0x1 /var/folders/p2/f7x_t3c14tjdp9hj4ymvjd5c0000gn/T//ccDwpiiF.ltrans1.ltrans.o
                0x0000000000803ebd                tx_pipe

.bss.test_channel
                0x0000000000803ebe        0x1
 .bss.test_channel
                0x0000000000803ebe        0x1 /var/folders/p2/f7x_t3c14tjdp9hj4ymvjd5c0000gn/T//ccDwpiiF.ltrans1.ltrans.o
                0x0000000000803ebe                test_channel

.bss.SBuf_out   0x0000000000803e40       0x10
 .bss.SBuf_out  0x0000000000803e40       0x10 /var/folders/p2/f7x_t3c14tjdp9hj4ymvjd5c0000gn/T//ccDwpiiF.ltrans1.ltrans.o

.bss.SerialWk   0x0000000000803e6a        0xa
 .bss.SerialWk  0x0000000000803e6a        0xa /var/folders/p2/f7x_t3c14tjdp9hj4ymvjd5c0000gn/T//ccDwpiiF.ltrans1.ltrans.o
                0x0000000000803e6a                SerialWk

.bss.SBuf_in    0x0000000000803e50       0x10
 .bss.SBuf_in   0x0000000000803e50       0x10 /var/folders/p2/f7x_t3c14tjdp9hj4ymvjd5c0000gn/T//ccDwpiiF.ltrans1.ltrans.o

.bss.SBuf_inbc  0x0000000000803ebf        0x1
 .bss.SBuf_inbc
                0x0000000000803ebf        0x1 /var/folders/p2/f7x_t3c14tjdp9hj4ymvjd5c0000gn/T//ccDwpiiF.ltrans1.ltrans.o
                0x0000000000803ebf                SBuf_inbc

.text.ServiceCmd
                0x000000000000008a      0x798
 .text.ServiceCmd
                0x000000000000008a      0x798 /var/folders/p2/f7x_t3c14tjdp9hj4ymvjd5c0000gn/T//ccDwpiiF.ltrans0.ltrans.o

.text.main      0x0000000000000822      0x3dc
 .text.main     0x0000000000000822      0x3dc /var/folders/p2/f7x_t3c14tjdp9hj4ymvjd5c0000gn/T//ccDwpiiF.ltrans0.ltrans.o
                0x0000000000000822                main

.text.SI241_SetupTx
                0x0000000000000bfe      0x25a
 .text.SI241_SetupTx
                0x0000000000000bfe      0x25a /var/folders/p2/f7x_t3c14tjdp9hj4ymvjd5c0000gn/T//ccDwpiiF.ltrans1.ltrans.o
                0x0000000000000bfe                SI241_SetupTx

.text.ServiceKeyPress
                0x0000000000000e58      0x208
 .text.ServiceKeyPress
                0x0000000000000e58      0x208 /var/folders/p2/f7x_t3c14tjdp9hj4ymvjd5c0000gn/T//ccDwpiiF.ltrans0.ltrans.o

.text.TimerB_Hand
                0x0000000000001060      0x1a4
 .text.TimerB_Hand
                0x0000000000001060      0x1a4 /var/folders/p2/f7x_t3c14tjdp9hj4ymvjd5c0000gn/T//ccDwpiiF.ltrans1.ltrans.o
                0x0000000000001060                TimerB_Hand

.text.SI241_SetupRxResp
                0x0000000000001204       0xda
 .text.SI241_SetupRxResp
                0x0000000000001204       0xda /var/folders/p2/f7x_t3c14tjdp9hj4ymvjd5c0000gn/T//ccDwpiiF.ltrans1.ltrans.o
                0x0000000000001204                SI241_SetupRxResp

.text.ParseRx   0x00000000000012de       0xd2
 .text.ParseRx  0x00000000000012de       0xd2 /var/folders/p2/f7x_t3c14tjdp9hj4ymvjd5c0000gn/T//ccDwpiiF.ltrans1.ltrans.o
                0x00000000000012de                ParseRx

.text.PIN_MANAGER_Initialize
                0x00000000000013b0       0xbc
 .text.PIN_MANAGER_Initialize
                0x00000000000013b0       0xbc /var/folders/p2/f7x_t3c14tjdp9hj4ymvjd5c0000gn/T//ccDwpiiF.ltrans0.ltrans.o

.text.__vector_4
                0x000000000000146c       0x9c
 .text.__vector_4
                0x000000000000146c       0x9c /var/folders/p2/f7x_t3c14tjdp9hj4ymvjd5c0000gn/T//ccDwpiiF.ltrans0.ltrans.o
                0x000000000000146c                __vector_4

.text.ServiceKeyPressInt
                0x0000000000001508       0x7e
 .text.ServiceKeyPressInt
                0x0000000000001508       0x7e /var/folders/p2/f7x_t3c14tjdp9hj4ymvjd5c0000gn/T//ccDwpiiF.ltrans0.ltrans.o

.text.SI241_PwrOn
                0x0000000000001586       0x6e
 .text.SI241_PwrOn
                0x0000000000001586       0x6e /var/folders/p2/f7x_t3c14tjdp9hj4ymvjd5c0000gn/T//ccDwpiiF.ltrans0.ltrans.o
                0x0000000000001586                SI241_PwrOn

.text.SendDevId
                0x00000000000015f4       0x6a
 .text.SendDevId
                0x00000000000015f4       0x6a /var/folders/p2/f7x_t3c14tjdp9hj4ymvjd5c0000gn/T//ccDwpiiF.ltrans1.ltrans.o

.text.SPI0_DefaultISR
                0x000000000000165e       0x64
 .text.SPI0_DefaultISR
                0x000000000000165e       0x64 /var/folders/p2/f7x_t3c14tjdp9hj4ymvjd5c0000gn/T//ccDwpiiF.ltrans0.ltrans.o

.text.__vector_13
                0x00000000000016c2       0x60
 .text.__vector_13
                0x00000000000016c2       0x60 /var/folders/p2/f7x_t3c14tjdp9hj4ymvjd5c0000gn/T//ccDwpiiF.ltrans0.ltrans.o
                0x00000000000016c2                __vector_13

.text.SI241_SetStandby
                0x0000000000001722       0x5e
 .text.SI241_SetStandby
                0x0000000000001722       0x5e /var/folders/p2/f7x_t3c14tjdp9hj4ymvjd5c0000gn/T//ccDwpiiF.ltrans1.ltrans.o
                0x0000000000001722                SI241_SetStandby

.text.SI241_LoadTxAddress
                0x0000000000001780       0x5a
 .text.SI241_LoadTxAddress
                0x0000000000001780       0x5a /var/folders/p2/f7x_t3c14tjdp9hj4ymvjd5c0000gn/T//ccDwpiiF.ltrans1.ltrans.o

.text.__vector_5
                0x00000000000017da       0x56
 .text.__vector_5
                0x00000000000017da       0x56 /var/folders/p2/f7x_t3c14tjdp9hj4ymvjd5c0000gn/T//ccDwpiiF.ltrans0.ltrans.o
                0x00000000000017da                __vector_5

.text.__vector_3
                0x0000000000001830       0x56
 .text.__vector_3
                0x0000000000001830       0x56 /var/folders/p2/f7x_t3c14tjdp9hj4ymvjd5c0000gn/T//ccDwpiiF.ltrans0.ltrans.o
                0x0000000000001830                __vector_3

.text.__vector_21
                0x0000000000001886       0x52
 .text.__vector_21
                0x0000000000001886       0x52 /var/folders/p2/f7x_t3c14tjdp9hj4ymvjd5c0000gn/T//ccDwpiiF.ltrans0.ltrans.o
                0x0000000000001886                __vector_21

.text.SI241_LoadRxAddress
                0x00000000000018d8       0x52
 .text.SI241_LoadRxAddress
                0x00000000000018d8       0x52 /var/folders/p2/f7x_t3c14tjdp9hj4ymvjd5c0000gn/T//ccDwpiiF.ltrans1.ltrans.o

.text.__vector_8
                0x000000000000192a       0x4c
 .text.__vector_8
                0x000000000000192a       0x4c /var/folders/p2/f7x_t3c14tjdp9hj4ymvjd5c0000gn/T//ccDwpiiF.ltrans0.ltrans.o
                0x000000000000192a                __vector_8

.text.SI241_PwrOff
                0x0000000000001976       0x4c
 .text.SI241_PwrOff
                0x0000000000001976       0x4c /var/folders/p2/f7x_t3c14tjdp9hj4ymvjd5c0000gn/T//ccDwpiiF.ltrans1.ltrans.o
                0x0000000000001976                SI241_PwrOff

.text.SendSerial_Buf
                0x00000000000019c2       0x4a
 .text.SendSerial_Buf
                0x00000000000019c2       0x4a /var/folders/p2/f7x_t3c14tjdp9hj4ymvjd5c0000gn/T//ccDwpiiF.ltrans1.ltrans.o

.text.CLKCTRL_Initialize
                0x0000000000001a0c       0x40
 .text.CLKCTRL_Initialize
                0x0000000000001a0c       0x40 /var/folders/p2/f7x_t3c14tjdp9hj4ymvjd5c0000gn/T//ccDwpiiF.ltrans0.ltrans.o

.text.TCA0_Initialize
                0x0000000000001a4c       0x3e
 .text.TCA0_Initialize
                0x0000000000001a4c       0x3e /var/folders/p2/f7x_t3c14tjdp9hj4ymvjd5c0000gn/T//ccDwpiiF.ltrans0.ltrans.o

.text.TCA0_DefaultOVFIsrCallback
                0x0000000000001a8a       0x3e
 .text.TCA0_DefaultOVFIsrCallback
                0x0000000000001a8a       0x3e /var/folders/p2/f7x_t3c14tjdp9hj4ymvjd5c0000gn/T//ccDwpiiF.ltrans0.ltrans.o

.text.SerialIn_Hand
                0x0000000000001ac8       0x32
 .text.SerialIn_Hand
                0x0000000000001ac8       0x32 /var/folders/p2/f7x_t3c14tjdp9hj4ymvjd5c0000gn/T//ccDwpiiF.ltrans1.ltrans.o
                0x0000000000001ac8                SerialIn_Hand

.text.SerialOut_Start
                0x0000000000001afa       0x28
 .text.SerialOut_Start
                0x0000000000001afa       0x28 /var/folders/p2/f7x_t3c14tjdp9hj4ymvjd5c0000gn/T//ccDwpiiF.ltrans1.ltrans.o

.text.SI241_RX0_Payload
                0x0000000000001b22       0x28
 .text.SI241_RX0_Payload
                0x0000000000001b22       0x28 /var/folders/p2/f7x_t3c14tjdp9hj4ymvjd5c0000gn/T//ccDwpiiF.ltrans1.ltrans.o
                0x0000000000001b22                SI241_RX0_Payload

.text.TCB0_Initialize
                0x0000000000001b4a       0x26
 .text.TCB0_Initialize
                0x0000000000001b4a       0x26 /var/folders/p2/f7x_t3c14tjdp9hj4ymvjd5c0000gn/T//ccDwpiiF.ltrans0.ltrans.o

.text.SPI0_Initialize
                0x0000000000001b70       0x26
 .text.SPI0_Initialize
                0x0000000000001b70       0x26 /var/folders/p2/f7x_t3c14tjdp9hj4ymvjd5c0000gn/T//ccDwpiiF.ltrans0.ltrans.o

.text.Hex2Asc   0x0000000000001b96       0x26
 .text.Hex2Asc  0x0000000000001b96       0x26 /var/folders/p2/f7x_t3c14tjdp9hj4ymvjd5c0000gn/T//ccDwpiiF.ltrans1.ltrans.o

.text.SI241_RX0_ClearInt
                0x0000000000001bbc       0x26
 .text.SI241_RX0_ClearInt
                0x0000000000001bbc       0x26 /var/folders/p2/f7x_t3c14tjdp9hj4ymvjd5c0000gn/T//ccDwpiiF.ltrans1.ltrans.o
                0x0000000000001bbc                SI241_RX0_ClearInt

.text.SI241_RSSI
                0x0000000000001be2       0x24
 .text.SI241_RSSI
                0x0000000000001be2       0x24 /var/folders/p2/f7x_t3c14tjdp9hj4ymvjd5c0000gn/T//ccDwpiiF.ltrans1.ltrans.o
                0x0000000000001be2                SI241_RSSI

.text.SI241_RX0_BC
                0x0000000000001c06       0x24
 .text.SI241_RX0_BC
                0x0000000000001c06       0x24 /var/folders/p2/f7x_t3c14tjdp9hj4ymvjd5c0000gn/T//ccDwpiiF.ltrans1.ltrans.o
                0x0000000000001c06                SI241_RX0_BC

.text.SI241_Status
                0x0000000000001c2a       0x24
 .text.SI241_Status
                0x0000000000001c2a       0x24 /var/folders/p2/f7x_t3c14tjdp9hj4ymvjd5c0000gn/T//ccDwpiiF.ltrans1.ltrans.o
                0x0000000000001c2a                SI241_Status

.text.__vector_2
                0x0000000000001c4e       0x1e
 .text.__vector_2
                0x0000000000001c4e       0x1e /var/folders/p2/f7x_t3c14tjdp9hj4ymvjd5c0000gn/T//ccDwpiiF.ltrans0.ltrans.o
                0x0000000000001c4e                __vector_2

.text.__vector_25
                0x0000000000001c6c       0x1e
 .text.__vector_25
                0x0000000000001c6c       0x1e /var/folders/p2/f7x_t3c14tjdp9hj4ymvjd5c0000gn/T//ccDwpiiF.ltrans0.ltrans.o
                0x0000000000001c6c                __vector_25

.text.__vector_12
                0x0000000000001c8a       0x1e
 .text.__vector_12
                0x0000000000001c8a       0x1e /var/folders/p2/f7x_t3c14tjdp9hj4ymvjd5c0000gn/T//ccDwpiiF.ltrans0.ltrans.o
                0x0000000000001c8a                __vector_12

.text.__vector_11
                0x0000000000001ca8       0x1e
 .text.__vector_11
                0x0000000000001ca8       0x1e /var/folders/p2/f7x_t3c14tjdp9hj4ymvjd5c0000gn/T//ccDwpiiF.ltrans0.ltrans.o
                0x0000000000001ca8                __vector_11

.text.__vector_10
                0x0000000000001cc6       0x1e
 .text.__vector_10
                0x0000000000001cc6       0x1e /var/folders/p2/f7x_t3c14tjdp9hj4ymvjd5c0000gn/T//ccDwpiiF.ltrans0.ltrans.o
                0x0000000000001cc6                __vector_10

.text.SPI0_WriteBlock
                0x0000000000001ce4       0x1a
 .text.SPI0_WriteBlock
                0x0000000000001ce4       0x1a /var/folders/p2/f7x_t3c14tjdp9hj4ymvjd5c0000gn/T//ccDwpiiF.ltrans0.ltrans.o
                0x0000000000001ce4                SPI0_WriteBlock

.text.PORTA_IO_PA4_IRQ_DefaultInterruptHandler
                0x0000000000001cfe       0x18
 .text.PORTA_IO_PA4_IRQ_DefaultInterruptHandler
                0x0000000000001cfe       0x18 /var/folders/p2/f7x_t3c14tjdp9hj4ymvjd5c0000gn/T//ccDwpiiF.ltrans0.ltrans.o

.text.SPI0_ReadBlockCmd
                0x0000000000001d16       0x18
 .text.SPI0_ReadBlockCmd
                0x0000000000001d16       0x18 /var/folders/p2/f7x_t3c14tjdp9hj4ymvjd5c0000gn/T//ccDwpiiF.ltrans0.ltrans.o
                0x0000000000001d16                SPI0_ReadBlockCmd

.text.BOD_Initialize
                0x0000000000001d2e       0x16
 .text.BOD_Initialize
                0x0000000000001d2e       0x16 /var/folders/p2/f7x_t3c14tjdp9hj4ymvjd5c0000gn/T//ccDwpiiF.ltrans0.ltrans.o

.text.CPUINT_Initialize
                0x0000000000001d44       0x16
 .text.CPUINT_Initialize
                0x0000000000001d44       0x16 /var/folders/p2/f7x_t3c14tjdp9hj4ymvjd5c0000gn/T//ccDwpiiF.ltrans0.ltrans.o

.text.SYSTEM_Initialize
                0x0000000000001d5a       0x14
 .text.SYSTEM_Initialize
                0x0000000000001d5a       0x14 /var/folders/p2/f7x_t3c14tjdp9hj4ymvjd5c0000gn/T//ccDwpiiF.ltrans0.ltrans.o

.text.SLPCTRL_Initialize
                0x0000000000001d6e        0xe
 .text.SLPCTRL_Initialize
                0x0000000000001d6e        0xe /var/folders/p2/f7x_t3c14tjdp9hj4ymvjd5c0000gn/T//ccDwpiiF.ltrans0.ltrans.o

.text.SPI0_StatusDone
                0x0000000000001d7c        0xe
 .text.SPI0_StatusDone
                0x0000000000001d7c        0xe /var/folders/p2/f7x_t3c14tjdp9hj4ymvjd5c0000gn/T//ccDwpiiF.ltrans0.ltrans.o
                0x0000000000001d7c                SPI0_StatusDone

.text.SI241_SetRxResp
                0x0000000000001d8a        0xe
 .text.SI241_SetRxResp
                0x0000000000001d8a        0xe /var/folders/p2/f7x_t3c14tjdp9hj4ymvjd5c0000gn/T//ccDwpiiF.ltrans1.ltrans.o
                0x0000000000001d8a                SI241_SetRxResp

.text.exit      0x0000000000001d98        0xe
 .text.exit     0x0000000000001d98        0xe /Applications/microchip/xc8/v2.41/avr/bin/../lib/gcc/avr/5.4.0/../../../../avr/lib/avrxmega3/short-calls/libc.a(exit.o)
                0x0000000000001d98                exit

.text.FLASH_Initialize
                0x0000000000001da6        0xc
 .text.FLASH_Initialize
                0x0000000000001da6        0xc /var/folders/p2/f7x_t3c14tjdp9hj4ymvjd5c0000gn/T//ccDwpiiF.ltrans0.ltrans.o

.text.SPI0_Enable
                0x0000000000001db2        0xc
 .text.SPI0_Enable
                0x0000000000001db2        0xc /var/folders/p2/f7x_t3c14tjdp9hj4ymvjd5c0000gn/T//ccDwpiiF.ltrans0.ltrans.o

.text.TCA0_ClearOverflowInterruptFlag
                0x0000000000001dbe        0xc
 .text.TCA0_ClearOverflowInterruptFlag
                0x0000000000001dbe        0xc /var/folders/p2/f7x_t3c14tjdp9hj4ymvjd5c0000gn/T//ccDwpiiF.ltrans0.ltrans.o

.text.SPI0_Disable
                0x0000000000001dca        0xc
 .text.SPI0_Disable
                0x0000000000001dca        0xc /var/folders/p2/f7x_t3c14tjdp9hj4ymvjd5c0000gn/T//ccDwpiiF.ltrans0.ltrans.o
                0x0000000000001dca                SPI0_Disable

.text.SI241_SetTx
                0x0000000000001dd6        0xc
 .text.SI241_SetTx
                0x0000000000001dd6        0xc /var/folders/p2/f7x_t3c14tjdp9hj4ymvjd5c0000gn/T//ccDwpiiF.ltrans1.ltrans.o
                0x0000000000001dd6                SI241_SetTx

.text.TCB0_SetCaptIsrCallback
                0x0000000000001de2        0xa
 .text.TCB0_SetCaptIsrCallback
                0x0000000000001de2        0xa /var/folders/p2/f7x_t3c14tjdp9hj4ymvjd5c0000gn/T//ccDwpiiF.ltrans0.ltrans.o

.text.PORTB_IO_PB0_S1_SetInterruptHandler
                0x0000000000001dec        0xa
 .text.PORTB_IO_PB0_S1_SetInterruptHandler
                0x0000000000001dec        0xa /var/folders/p2/f7x_t3c14tjdp9hj4ymvjd5c0000gn/T//ccDwpiiF.ltrans0.ltrans.o

.text.PORTB_IO_PB1_S4_SetInterruptHandler
                0x0000000000001df6        0xa
 .text.PORTB_IO_PB1_S4_SetInterruptHandler
                0x0000000000001df6        0xa /var/folders/p2/f7x_t3c14tjdp9hj4ymvjd5c0000gn/T//ccDwpiiF.ltrans0.ltrans.o

.text.PORTB_IO_PB4_S3_SetInterruptHandler
                0x0000000000001e00        0xa
 .text.PORTB_IO_PB4_S3_SetInterruptHandler
                0x0000000000001e00        0xa /var/folders/p2/f7x_t3c14tjdp9hj4ymvjd5c0000gn/T//ccDwpiiF.ltrans0.ltrans.o

.text.PORTA_IO_PA4_IRQ_SetInterruptHandler
                0x0000000000001e0a        0xa
 .text.PORTA_IO_PA4_IRQ_SetInterruptHandler
                0x0000000000001e0a        0xa /var/folders/p2/f7x_t3c14tjdp9hj4ymvjd5c0000gn/T//ccDwpiiF.ltrans0.ltrans.o

.text.PORTB_IO_PB5_S6_SetInterruptHandler
                0x0000000000001e14        0xa
 .text.PORTB_IO_PB5_S6_SetInterruptHandler
                0x0000000000001e14        0xa /var/folders/p2/f7x_t3c14tjdp9hj4ymvjd5c0000gn/T//ccDwpiiF.ltrans0.ltrans.o

.text.PORTC_IO_PC3_TP1_SetInterruptHandler
                0x0000000000001e1e        0xa
 .text.PORTC_IO_PC3_TP1_SetInterruptHandler
                0x0000000000001e1e        0xa /var/folders/p2/f7x_t3c14tjdp9hj4ymvjd5c0000gn/T//ccDwpiiF.ltrans0.ltrans.o

.text.PORTB_IO_PB2_S2_SetInterruptHandler
                0x0000000000001e28        0xa
 .text.PORTB_IO_PB2_S2_SetInterruptHandler
                0x0000000000001e28        0xa /var/folders/p2/f7x_t3c14tjdp9hj4ymvjd5c0000gn/T//ccDwpiiF.ltrans0.ltrans.o

.text.PORTB_IO_PB3_S5_SetInterruptHandler
                0x0000000000001e32        0xa
 .text.PORTB_IO_PB3_S5_SetInterruptHandler
                0x0000000000001e32        0xa /var/folders/p2/f7x_t3c14tjdp9hj4ymvjd5c0000gn/T//ccDwpiiF.ltrans0.ltrans.o

.text.TCB0_WriteTimer
                0x0000000000001e3c        0xa
 .text.TCB0_WriteTimer
                0x0000000000001e3c        0xa /var/folders/p2/f7x_t3c14tjdp9hj4ymvjd5c0000gn/T//ccDwpiiF.ltrans0.ltrans.o
                0x0000000000001e3c                TCB0_WriteTimer

.text.TCA0_EnableInterrupt
                0x0000000000001e46        0x8
 .text.TCA0_EnableInterrupt
                0x0000000000001e46        0x8 /var/folders/p2/f7x_t3c14tjdp9hj4ymvjd5c0000gn/T//ccDwpiiF.ltrans0.ltrans.o

.text.protected_write_io
                0x0000000000001e4e        0x8
 .text.protected_write_io
                0x0000000000001e4e        0x8 .ca/build/Config_DActiveCA/production/mcc_generated_files/src/protected_io.o
                0x0000000000001e4e                protected_write_io

.text.SI241_SaveRxAddress
                0x0000000000001e56        0x6
 .text.SI241_SaveRxAddress
                0x0000000000001e56        0x6 /var/folders/p2/f7x_t3c14tjdp9hj4ymvjd5c0000gn/T//ccDwpiiF.ltrans1.ltrans.o
                0x0000000000001e56                SI241_SaveRxAddress

.text.PORTB_IO_PB0_S1_DefaultInterruptHandler
                0x0000000000001e5c        0x4
 .text.PORTB_IO_PB0_S1_DefaultInterruptHandler
                0x0000000000001e5c        0x4 /var/folders/p2/f7x_t3c14tjdp9hj4ymvjd5c0000gn/T//ccDwpiiF.ltrans0.ltrans.o

.text.PORTB_IO_PB1_S4_DefaultInterruptHandler
                0x0000000000001e60        0x4
 .text.PORTB_IO_PB1_S4_DefaultInterruptHandler
                0x0000000000001e60        0x4 /var/folders/p2/f7x_t3c14tjdp9hj4ymvjd5c0000gn/T//ccDwpiiF.ltrans0.ltrans.o

.text.PORTB_IO_PB4_S3_DefaultInterruptHandler
                0x0000000000001e64        0x4
 .text.PORTB_IO_PB4_S3_DefaultInterruptHandler
                0x0000000000001e64        0x4 /var/folders/p2/f7x_t3c14tjdp9hj4ymvjd5c0000gn/T//ccDwpiiF.ltrans0.ltrans.o

.text.PORTB_IO_PB5_S6_DefaultInterruptHandler
                0x0000000000001e68        0x4
 .text.PORTB_IO_PB5_S6_DefaultInterruptHandler
                0x0000000000001e68        0x4 /var/folders/p2/f7x_t3c14tjdp9hj4ymvjd5c0000gn/T//ccDwpiiF.ltrans0.ltrans.o

.text.PORTB_IO_PB2_S2_DefaultInterruptHandler
                0x0000000000001e6c        0x4
 .text.PORTB_IO_PB2_S2_DefaultInterruptHandler
                0x0000000000001e6c        0x4 /var/folders/p2/f7x_t3c14tjdp9hj4ymvjd5c0000gn/T//ccDwpiiF.ltrans0.ltrans.o

.text.PORTB_IO_PB3_S5_DefaultInterruptHandler
                0x0000000000001e70        0x4
 .text.PORTB_IO_PB3_S5_DefaultInterruptHandler
                0x0000000000001e70        0x4 /var/folders/p2/f7x_t3c14tjdp9hj4ymvjd5c0000gn/T//ccDwpiiF.ltrans0.ltrans.o

.text           0x0000000000001e74        0x2
 .text          0x0000000000001e74        0x2 /Applications/microchip/mplabx/v6.00/packs/Microchip/ATtiny_DFP/2.7.128/xc8/avr/lib/avrxmega3/short-calls/crtattiny816.o
                0x0000000000001e74                __vector_20
                0x0000000000001e74                __vector_1
                0x0000000000001e74                __vector_24
                0x0000000000001e74                __bad_interrupt
                0x0000000000001e74                __vector_6
                0x0000000000001e74                __vector_23
                0x0000000000001e74                __vector_17
                0x0000000000001e74                __vector_19
                0x0000000000001e74                __vector_7
                0x0000000000001e74                __vector_9
                0x0000000000001e74                __vector_15
                0x0000000000001e74                __vector_14
                0x0000000000001e74                __vector_16
                0x0000000000001e74                __vector_18
                0x0000000000001e74                __vector_22

.text.PORTC_IO_PC3_TP1_DefaultInterruptHandler
                0x0000000000001e76        0x2
 .text.PORTC_IO_PC3_TP1_DefaultInterruptHandler
                0x0000000000001e76        0x2 /var/folders/p2/f7x_t3c14tjdp9hj4ymvjd5c0000gn/T//ccDwpiiF.ltrans0.ltrans.o

.text.__dummy_fini
                0x0000000000001e78        0x2
 .text.__dummy_fini
                0x0000000000001e78        0x2 /Applications/microchip/xc8/v2.41/avr/bin/../lib/gcc/avr/5.4.0/../../../../avr/lib/avrxmega3/short-calls/libc.a(exit.o)
                0x0000000000001e78                _fini

.text.__dummy_funcs_on_exit
                0x0000000000001e7a        0x2
 .text.__dummy_funcs_on_exit
                0x0000000000001e7a        0x2 /Applications/microchip/xc8/v2.41/avr/bin/../lib/gcc/avr/5.4.0/../../../../avr/lib/avrxmega3/short-calls/libc.a(exit.o)
                0x0000000000001e7a                __funcs_on_exit

.text.__dummy_simulator_exit
                0x0000000000001e7c        0x2
 .text.__dummy_simulator_exit
                0x0000000000001e7c        0x2 /Applications/microchip/xc8/v2.41/avr/bin/../lib/gcc/avr/5.4.0/../../../../avr/lib/avrxmega3/short-calls/libc.a(exit.o)
                0x0000000000001e7c                __simulator_exit

.text._Exit     0x0000000000001e7e        0x2
 .text._Exit    0x0000000000001e7e        0x2 /Applications/microchip/xc8/v2.41/avr/bin/../lib/gcc/avr/5.4.0/../../../../avr/lib/avrxmega3/short-calls/libc.a(_Exit.o)
                0x0000000000001e7e                _Exit
